.\venv\Scripts\python.e
xe : Creating test 
database for alias 
'default'...
At line:1 char:1
+ .\venv\Scripts\python
.exe manage.py test 
api > test_output.txt 
2>&1
+ ~~~~~~~~~~~~~~~~~~~~~
~~~~~~~~~~~~~~~~~~~~~~~
~~~~~~~~~~~~~~~~~~~~~~~
    + CategoryInfo     
         : NotSpecifi  
  ed: (Creating test   
  d...as 'default'.    
..:String) [], Rem    
oteException
    + FullyQualifiedEr 
   rorId : NativeComm  
  andError
 

FF
=======================
=======================
=======================
=
FAIL: 
test_login_with_email (
api.tests.Authenticatio
nTests.test_login_with_
email)
-----------------------
-----------------------
-----------------------
-
Traceback (most recent 
call last):
  File "C:\Users\aswin\
Documents\TagAlong-\bac
kend\api\tests.py", 
line 26, in 
test_login_with_email
    self.assertEqual(re
sponse.status_code, 
status.HTTP_200_OK)
AssertionError: 400 != 
200

=======================
=======================
=======================
=
FAIL: test_login_with_i
nvalid_credentials (api
.tests.AuthenticationTe
sts.test_login_with_inv
alid_credentials)
-----------------------
-----------------------
-----------------------
-
Traceback (most recent 
call last):
  File "C:\Users\aswin\
Documents\TagAlong-\bac
kend\api\tests.py", 
line 38, in test_login_
with_invalid_credential
s
    self.assertEqual(re
sponse.status_code, sta
tus.HTTP_401_UNAUTHORIZ
ED)
AssertionError: 400 != 
401

-----------------------
-----------------------
-----------------------
-
Ran 2 tests in 1.938s

FAILED (failures=2)
Destroying test 
database for alias 
'default'...

Found 2 test(s).
System check identified no issues (0 silenced).
